[    0.000000] Linux version 4.15.0-212-generic (buildd@lcy02-amd64-083) (gcc version 7.5.0 (Ubuntu 7.5.0-3ubuntu1~18.04)) #223-Ubuntu SMP Tue May 23 13:09:22 UTC 2023 (Ubuntu 4.15.0-212.223-generic 4.15.18)
[    0.000000] Command line: BOOT_IMAGE=/boot/vmlinuz-4.15.0-212-generic root=LABEL=cloudimg-rootfs ro console=tty1 console=ttyS0
[    0.000000] KERNEL supported cpus:
[    0.000000]   Intel GenuineIntel
[    0.000000]   AMD AuthenticAMD
[    0.000000]   Centaur CentaurHauls
[    0.000000] x86/fpu: x87 FPU will use FXSAVE
[    0.000000] e820: BIOS-provided physical RAM map:
[    0.000000] BIOS-e820: [mem 0x0000000000000000-0x000000000009fbff] usable
[    0.000000] BIOS-e820: [mem 0x000000000009fc00-0x000000000009ffff] reserved
[    0.000000] BIOS-e820: [mem 0x00000000000f0000-0x00000000000fffff] reserved
[    0.000000] BIOS-e820: [mem 0x0000000000100000-0x000000003ffeffff] usable
[    0.000000] BIOS-e820: [mem 0x000000003fff0000-0x000000003fffffff] ACPI data
[    0.000000] BIOS-e820: [mem 0x00000000fec00000-0x00000000fec00fff] reserved
[    0.000000] BIOS-e820: [mem 0x00000000fee00000-0x00000000fee00fff] reserved
[    0.000000] BIOS-e820: [mem 0x00000000fffc0000-0x00000000ffffffff] reserved
[    0.000000] NX (Execute Disable) protection: active
[    0.000000] SMBIOS 2.5 present.
[    0.000000] DMI: innotek GmbH VirtualBox/VirtualBox, BIOS VirtualBox 12/01/2006
[    0.000000] Hypervisor detected: KVM
[    0.000000] e820: last_pfn = 0x3fff0 max_arch_pfn = 0x400000000
[    0.000000] MTRR: Disabled
[    0.000000] x86/PAT: MTRRs disabled, skipping PAT initialization too.
[    0.000000] CPU MTRRs all blank - virtualized system.
[    0.000000] x86/PAT: Configuration [0-7]: WB  WT  UC- UC  WB  WT  UC- UC  
[    0.000000] found SMP MP-table at [mem 0x0009fff0-0x0009ffff]
[    0.000000] Scanning 1 areas for low memory corruption
[    0.000000] RAMDISK: [mem 0x359cb000-0x36cdcfff]
[    0.000000] ACPI: Early table checksum verification disabled
[    0.000000] ACPI: RSDP 0x00000000000E0000 000024 (v02 VBOX  )
[    0.000000] ACPI: XSDT 0x000000003FFF0030 00003C (v01 VBOX   VBOXXSDT 00000001 ASL  00000061)
[    0.000000] ACPI: FACP 0x000000003FFF00F0 0000F4 (v04 VBOX   VBOXFACP 00000001 ASL  00000061)
[    0.000000] ACPI: DSDT 0x000000003FFF0610 002353 (v02 VBOX   VBOXBIOS 00000002 INTL 20100528)
[    0.000000] ACPI: FACS 0x000000003FFF0200 000040
[    0.000000] ACPI: FACS 0x000000003FFF0200 000040
[    0.000000] ACPI: APIC 0x000000003FFF0240 00005C (v02 VBOX   VBOXAPIC 00000001 ASL  00000061)
[    0.000000] ACPI: SSDT 0x000000003FFF02A0 00036C (v01 VBOX   VBOXCPUT 00000002 INTL 20100528)
[    0.000000] ACPI: Reserving FACP table memory at [mem 0x3fff00f0-0x3fff01e3]
[    0.000000] ACPI: Reserving DSDT table memory at [mem 0x3fff0610-0x3fff2962]
[    0.000000] ACPI: Reserving FACS table memory at [mem 0x3fff0200-0x3fff023f]
[    0.000000] ACPI: Reserving FACS table memory at [mem 0x3fff0200-0x3fff023f]
[    0.000000] ACPI: Reserving APIC table memory at [mem 0x3fff0240-0x3fff029b]
[    0.000000] ACPI: Reserving SSDT table memory at [mem 0x3fff02a0-0x3fff060b]
[    0.000000] No NUMA configuration found
[    0.000000] Faking a node at [mem 0x0000000000000000-0x000000003ffeffff]
[    0.000000] NODE_DATA(0) allocated [mem 0x3ffc5000-0x3ffeffff]
[    0.000000] kvm-clock: cpu 0, msr 0:3ff44001, primary cpu clock
[    0.000000] kvm-clock: Using msrs 4b564d01 and 4b564d00
[    0.000000] kvm-clock: using sched offset of 6030860501 cycles
[    0.000000] clocksource: kvm-clock: mask: 0xffffffffffffffff max_cycles: 0x1cd42e4dffb, max_idle_ns: 881590591483 ns
[    0.000000] Zone ranges:
[    0.000000]   DMA      [mem 0x0000000000001000-0x0000000000ffffff]
[    0.000000]   DMA32    [mem 0x0000000001000000-0x000000003ffeffff]
[    0.000000]   Normal   empty
[    0.000000]   Device   empty
[    0.000000] Movable zone start for each node
[    0.000000] Early memory node ranges
[    0.000000]   node   0: [mem 0x0000000000001000-0x000000000009efff]
[    0.000000]   node   0: [mem 0x0000000000100000-0x000000003ffeffff]
[    0.000000] Reserved but unavailable: 104 pages
[    0.000000] Initmem setup node 0 [mem 0x0000000000001000-0x000000003ffeffff]
[    0.000000] ACPI: PM-Timer IO Port: 0x4008
[    0.000000] IOAPIC[0]: apic_id 2, version 32, address 0xfec00000, GSI 0-23
[    0.000000] ACPI: INT_SRC_OVR (bus 0 bus_irq 0 global_irq 2 dfl dfl)
[    0.000000] ACPI: INT_SRC_OVR (bus 0 bus_irq 9 global_irq 9 low level)
[    0.000000] Using ACPI (MADT) for SMP configuration information
[    0.000000] smpboot: Allowing 2 CPUs, 0 hotplug CPUs
[    0.000000] PM: Registered nosave memory: [mem 0x00000000-0x00000fff]
[    0.000000] PM: Registered nosave memory: [mem 0x0009f000-0x0009ffff]
[    0.000000] PM: Registered nosave memory: [mem 0x000a0000-0x000effff]
[    0.000000] PM: Registered nosave memory: [mem 0x000f0000-0x000fffff]
[    0.000000] e820: [mem 0x40000000-0xfebfffff] available for PCI devices
[    0.000000] Booting paravirtualized kernel on KVM
[    0.000000] clocksource: refined-jiffies: mask: 0xffffffff max_cycles: 0xffffffff, max_idle_ns: 7645519600211568 ns
[    0.000000] setup_percpu: NR_CPUS:8192 nr_cpumask_bits:2 nr_cpu_ids:2 nr_node_ids:1
[    0.000000] percpu: Embedded 50 pages/cpu s167936 r8192 d28672 u1048576
[    0.000000] PV qspinlock hash table entries: 256 (order: 0, 4096 bytes)
[    0.000000] Built 1 zonelists, mobility grouping on.  Total pages: 257913
[    0.000000] Policy zone: DMA32
[    0.000000] Kernel command line: BOOT_IMAGE=/boot/vmlinuz-4.15.0-212-generic root=LABEL=cloudimg-rootfs ro console=tty1 console=ttyS0
[    0.000000] Memory: 982644K/1048120K available (12300K kernel code, 2477K rwdata, 4324K rodata, 2480K init, 2720K bss, 65476K reserved, 0K cma-reserved)
[    0.000000] SLUB: HWalign=64, Order=0-3, MinObjects=0, CPUs=2, Nodes=1
[    0.000000] Kernel/User page tables isolation: enabled
[    0.000000] ftrace: allocating 39508 entries in 155 pages
[    0.004000] Hierarchical RCU implementation.
[    0.004000] 	RCU restricting CPUs from NR_CPUS=8192 to nr_cpu_ids=2.
[    0.004000] 	Tasks RCU enabled.
[    0.004000] RCU: Adjusting geometry for rcu_fanout_leaf=16, nr_cpu_ids=2
[    0.004000] NR_IRQS: 524544, nr_irqs: 440, preallocated irqs: 16
[    0.004000] random: crng init done
[    0.004000] Console: colour VGA+ 80x25
[    0.004000] console [tty1] enabled
[    0.004000] console [ttyS0] enabled
[    0.004000] ACPI: Core revision 20170831
[    0.004000] ACPI: 2 ACPI AML tables successfully acquired and loaded
[    0.004000] APIC: Switch to symmetric I/O mode setup
[    0.004000] ..TIMER: vector=0x30 apic1=0 pin1=2 apic2=-1 pin2=-1
[    0.004011] tsc: Detected 1799.999 MHz processor
[    0.008036] Calibrating delay loop (skipped) preset value.. 3599.99 BogoMIPS (lpj=7199996)
[    0.012012] pid_max: default: 32768 minimum: 301
[    0.016153] Security Framework initialized
[    0.020011] Yama: becoming mindful.
[    0.024298] AppArmor: AppArmor initialized
[    0.062407] Dentry cache hash table entries: 131072 (order: 8, 1048576 bytes)
[    0.073715] Inode-cache hash table entries: 65536 (order: 7, 524288 bytes)
[    0.076226] Mount-cache hash table entries: 2048 (order: 2, 16384 bytes)
[    0.080153] Mountpoint-cache hash table entries: 2048 (order: 2, 16384 bytes)
[    0.092009] Last level iTLB entries: 4KB 64, 2MB 8, 4MB 8
[    0.096008] Last level dTLB entries: 4KB 64, 2MB 0, 4MB 0, 1GB 4
[    0.100010] Spectre V1 : Mitigation: usercopy/swapgs barriers and __user pointer sanitization
[    0.104007] Spectre V2 : Mitigation: Retpolines
[    0.108005] Spectre V2 : Spectre v2 / SpectreRSB mitigation: Filling RSB on context switch
[    0.112006] Spectre V2 : Spectre v2 / SpectreRSB : Filling RSB on VMEXIT
[    0.116006] RETBleed: WARNING: Spectre v2 mitigation leaves CPU vulnerable to RETBleed attacks, data leaks possible!
[    0.120007] RETBleed: Vulnerable
[    0.124007] Speculative Store Bypass: Vulnerable
[    0.128112] MDS: Mitigation: Clear CPU buffers
[    0.132004] MMIO Stale Data: Mitigation: Clear CPU buffers
[    0.136008] SRBDS: Unknown: Dependent on hypervisor status
[    0.140490] Freeing SMP alternatives memory: 36K
[    0.268191] APIC calibration not consistent with PM-Timer: 103ms instead of 100ms
[    0.272000] APIC delta adjusted to PM-Timer: 6303599 (6517914)
[    0.273380] smpboot: CPU0: Intel(R) Core(TM) i5-8250U CPU @ 1.60GHz (family: 0x6, model: 0x8e, stepping: 0xa)
[    0.281352] Performance Events: unsupported p6 CPU model 142 no PMU driver, software events only.
[    0.288060] Hierarchical SRCU implementation.
[    0.296672] NMI watchdog: Perf event create on CPU 0 failed with -2
[    0.300011] NMI watchdog: Perf NMI watchdog permanently disabled
[    0.305148] smp: Bringing up secondary CPUs ...
[    0.314909] x86: Booting SMP configuration:
[    0.316010] .... node  #0, CPUs:      #1
[    0.004000] kvm-clock: cpu 1, msr 0:3ff44041, secondary cpu clock
[    0.356000] TSC synchronization [CPU#0 -> CPU#1]:
[    0.356000] Measured 93689 cycles TSC warp between CPUs, turning off TSC clock.
[    0.356000] tsc: Marking TSC unstable due to check_tsc_sync_source failed
[    0.364877] smp: Brought up 1 node, 2 CPUs
[    0.368012] smpboot: Max logical packages: 1
[    0.372011] smpboot: Total of 2 processors activated (7199.99 BogoMIPS)
[    0.384023] devtmpfs: initialized
[    0.388378] x86/mm: Memory block size: 128MB
[    0.393104] evm: security.selinux
[    0.396012] evm: security.SMACK64
[    0.400012] evm: security.SMACK64EXEC
[    0.404008] evm: security.SMACK64TRANSMUTE
[    0.408008] evm: security.SMACK64MMAP
[    0.412007] evm: security.apparmor
[    0.416008] evm: security.ima
[    0.420006] evm: security.capability
[    0.428786] clocksource: jiffies: mask: 0xffffffff max_cycles: 0xffffffff, max_idle_ns: 7645041785100000 ns
[    0.492028] futex hash table entries: 512 (order: 3, 32768 bytes)
[    0.520801] pinctrl core: initialized pinctrl subsystem
[    0.544690] RTC time: 10:01:11, date: 09/10/23
[    0.573545] NET: Registered protocol family 16
[    0.596510] audit: initializing netlink subsys (disabled)
[    0.624287] audit: type=2000 audit(1694340077.191:1): state=initialized audit_enabled=0 res=1
[    0.632043] cpuidle: using governor ladder
[    0.660049] cpuidle: using governor menu
[    0.688227] ACPI: bus type PCI registered
[    0.716019] acpiphp: ACPI Hot Plug PCI Controller Driver version: 0.5
[    0.759129] PCI: Using configuration type 1 for base access
[    0.808583] HugeTLB registered 2.00 MiB page size, pre-allocated 0 pages
[    0.849274] ACPI: Added _OSI(Module Device)
[    0.880043] ACPI: Added _OSI(Processor Device)
[    0.900017] ACPI: Added _OSI(3.0 _SCP Extensions)
[    0.920014] ACPI: Added _OSI(Processor Aggregator Device)
[    0.944017] ACPI: Added _OSI(Linux-Dell-Video)
[    0.964014] ACPI: Added _OSI(Linux-Lenovo-NV-HDMI-Audio)
[    0.988017] ACPI: Added _OSI(Linux-HPI-Hybrid-Graphics)
[    1.012615] ACPI: Executed 1 blocks of module-level executable AML code
[    1.036285] ACPI: Interpreter enabled
[    1.044025] ACPI: (supports S0 S5)
[    1.052006] ACPI: Using IOAPIC for interrupt routing
[    1.060075] PCI: Using host bridge windows from ACPI; if necessary, use "pci=nocrs" and report a bug
[    1.072365] ACPI: Enabled 2 GPEs in block 00 to 07
[    1.105434] ACPI: PCI Root Bridge [PCI0] (domain 0000 [bus 00-ff])
[    1.128038] acpi PNP0A03:00: _OSC: OS supports [ASPM ClockPM Segments MSI]
[    1.150843] acpi PNP0A03:00: _OSC: not requesting OS control; OS requires [ExtendedConfig ASPM ClockPM MSI]
[    1.184039] acpi PNP0A03:00: fail to add MMCONFIG information, can't access extended PCI configuration space under this bridge.
[    1.210109] PCI host bridge to bus 0000:00
[    1.220019] pci_bus 0000:00: root bus resource [io  0x0000-0x0cf7 window]
[    1.240019] pci_bus 0000:00: root bus resource [io  0x0d00-0xffff window]
[    1.260016] pci_bus 0000:00: root bus resource [mem 0x000a0000-0x000bffff window]
[    1.276044] pci_bus 0000:00: root bus resource [mem 0x40000000-0xfdffffff window]
[    1.296015] pci_bus 0000:00: root bus resource [bus 00-ff]
[    1.332100] pci 0000:00:01.1: legacy IDE quirk: reg 0x10: [io  0x01f0-0x01f7]
[    1.352018] pci 0000:00:01.1: legacy IDE quirk: reg 0x14: [io  0x03f6]
[    1.372013] pci 0000:00:01.1: legacy IDE quirk: reg 0x18: [io  0x0170-0x0177]
[    1.392023] pci 0000:00:01.1: legacy IDE quirk: reg 0x1c: [io  0x0376]
[    1.483339] pci 0000:00:07.0: quirk: [io  0x4000-0x403f] claimed by PIIX4 ACPI
[    1.504140] pci 0000:00:07.0: quirk: [io  0x4100-0x410f] claimed by PIIX4 SMB
[    1.556883] ACPI: PCI Interrupt Link [LNKA] (IRQs 5 9 10 *11)
[    1.573546] ACPI: PCI Interrupt Link [LNKB] (IRQs 5 9 *10 11)
[    1.588853] ACPI: PCI Interrupt Link [LNKC] (IRQs 5 *9 10 11)
[    1.608741] ACPI: PCI Interrupt Link [LNKD] (IRQs 5 9 10 *11)
[    1.629725] SCSI subsystem initialized
[    1.644901] pci 0000:00:02.0: vgaarb: setting as boot VGA device
[    1.648000] pci 0000:00:02.0: vgaarb: VGA device added: decodes=io+mem,owns=io+mem,locks=none
[    1.692040] pci 0000:00:02.0: vgaarb: bridge control possible
[    1.704008] vgaarb: loaded
[    1.716266] ACPI: bus type USB registered
[    1.728054] usbcore: registered new interface driver usbfs
[    1.744061] usbcore: registered new interface driver hub
[    1.764182] usbcore: registered new device driver usb
[    1.784311] EDAC MC: Ver: 3.0.0
[    1.800856] PCI: Using ACPI for IRQ routing
[    1.817524] NetLabel: Initializing
[    1.828011] NetLabel:  domain hash size = 128
[    1.844008] NetLabel:  protocols = UNLABELED CIPSOv4 CALIPSO
[    1.864154] NetLabel:  unlabeled traffic allowed by default
[    1.872814] clocksource: Switched to clocksource kvm-clock
[    2.102747] VFS: Disk quotas dquot_6.6.0
[    2.102747] VFS: Dquot-cache hash table entries: 512 (order 0, 4096 bytes)
[    2.102747] AppArmor: AppArmor Filesystem Enabled
[    2.176449] pnp: PnP ACPI init
[    2.193012] pnp: PnP ACPI: found 3 devices
[    2.312031] clocksource: acpi_pm: mask: 0xffffff max_cycles: 0xffffff, max_idle_ns: 2085701024 ns
[    2.312760] NET: Registered protocol family 2
[    2.312760] IP idents hash table entries: 16384 (order: 5, 131072 bytes)
[    2.360701] TCP established hash table entries: 8192 (order: 4, 65536 bytes)
[    2.384873] TCP bind hash table entries: 8192 (order: 5, 131072 bytes)
[    2.388353] TCP: Hash tables configured (established 8192 bind 8192)
[    2.388353] UDP hash table entries: 512 (order: 2, 16384 bytes)
[    2.388353] UDP-Lite hash table entries: 512 (order: 2, 16384 bytes)
[    2.388353] NET: Registered protocol family 1
[    2.388353] pci 0000:00:00.0: Limiting direct PCI/PCI transfers
[    2.388353] pci 0000:00:01.0: Activating ISA DMA hang workarounds
[    2.388353] pci 0000:00:02.0: Video device with shadowed ROM at [mem 0x000c0000-0x000dffff]
[    2.388353] Unpacking initramfs...
[    3.196236] Freeing initrd memory: 19528K
[    3.800738] clocksource: tsc: mask: 0xffffffffffffffff max_cycles: 0x19f228ab7a2, max_idle_ns: 440795289252 ns
[    3.828035] platform rtc_cmos: registered platform RTC device (no PNP device found)
[    3.853327] Scanning for low memory corruption every 60 seconds
[    3.871328] Initialise system trusted keyrings
[    3.885828] Key type blacklist registered
[    3.899148] workingset: timestamp_bits=36 max_order=18 bucket_order=0
[    3.946990] zbud: loaded
[    3.962753] squashfs: version 4.0 (2009/01/31) Phillip Lougher
[    3.982081] fuse init (API version 7.26)
[    4.062033] Key type asymmetric registered
[    4.091600] Asymmetric key parser 'x509' registered
[    4.118020] Block layer SCSI generic (bsg) driver version 0.4 loaded (major 246)
[    4.146973] io scheduler noop registered
[    4.162702] io scheduler deadline registered
[    4.179578] io scheduler cfq registered (default)
[    4.200881] ACPI: AC Adapter [AC] (off-line)
[    4.215593] input: Power Button as /devices/LNXSYSTM:00/LNXPWRBN:00/input/input0
[    4.236940] ACPI: Power Button [PWRF]
[    4.247362] input: Sleep Button as /devices/LNXSYSTM:00/LNXSLPBN:00/input/input1
[    4.262140] ACPI: Sleep Button [SLPF]
[    4.276528] Serial: 8250/16550 driver, 32 ports, IRQ sharing enabled
[    4.277155] ACPI: Battery Slot [BAT0] (battery present)
[    4.353737] 00:02: ttyS0 at I/O 0x3f8 (irq = 4, base_baud = 115200) is a 16550A
[    4.379455] Linux agpgart interface v0.103
[    4.417859] loop: module loaded
[    4.437773] scsi host0: ata_piix
[    4.454005] scsi host1: ata_piix
[    4.463669] ata1: PATA max UDMA/33 cmd 0x1f0 ctl 0x3f6 bmdma 0xd000 irq 14
[    4.482695] ata2: PATA max UDMA/33 cmd 0x170 ctl 0x376 bmdma 0xd008 irq 15
[    4.515409] tun: Universal TUN/TAP device driver, 1.6
[    4.554549] PPP generic driver version 2.4.2
[    4.577851] ehci_hcd: USB 2.0 'Enhanced' Host Controller (EHCI) Driver
[    4.607169] ehci-pci: EHCI PCI platform driver
[    4.629347] ehci-platform: EHCI generic platform driver
[    4.653397] ohci_hcd: USB 1.1 'Open' Host Controller (OHCI) Driver
[    4.670344] ohci-pci: OHCI PCI platform driver
[    4.696678] ohci-platform: OHCI generic platform driver
[    4.716806] uhci_hcd: USB Universal Host Controller Interface driver
[    4.735861] i8042: PNP: PS/2 Controller [PNP0303:PS2K,PNP0f03:PS2M] at 0x60,0x64 irq 1,12
[    4.811755] serio: i8042 KBD port at 0x60,0x64 irq 1
[    4.813191] serio: i8042 AUX port at 0x60,0x64 irq 12
[    4.813191] mousedev: PS/2 mouse device common for all mice
[    4.850261] input: AT Translated Set 2 keyboard as /devices/platform/i8042/serio0/input/input2
[    4.876755] rtc_cmos rtc_cmos: rtc core: registered rtc_cmos as rtc0
[    4.898282] rtc_cmos rtc_cmos: alarms up to one day, 114 bytes nvram
[    4.918327] i2c /dev entries driver
[    4.931048] device-mapper: uevent: version 1.0.3
[    4.947642] device-mapper: ioctl: 4.37.0-ioctl (2017-09-20) initialised: dm-devel@redhat.com
[    4.975220] ledtrig-cpu: registered to indicate activity on CPUs
[    5.004047] NET: Registered protocol family 10
[    5.054303] Segment Routing with IPv6
[    5.065445] NET: Registered protocol family 17
[    5.078775] Key type dns_resolver registered
[    5.091080] mce: Using 0 MCE banks
[    5.102137] RAS: Correctable Errors collector initialized.
[    5.120042] sched_clock: Marking stable (5119884527, 0)->(7046008666, -1926124139)
[    5.157090] registered taskstats version 1
[    5.170428] Loading compiled-in X.509 certificates
[    5.200833] Loaded X.509 cert 'Build time autogenerated kernel key: b5b26778eaa3ab3a4a6cee031137706e947d12ad'
[    5.228272] Loaded X.509 cert 'Canonical Ltd. Live Patch Signing: 14df34d1a87cf37625abec039ef2bf521249b969'
[    5.274637] Loaded X.509 cert 'Canonical Ltd. Kernel Module Signing: 88f752e560a1e0737e31163a466ad7b70a850c19'
[    5.301670] blacklist: Loading compiled-in revocation X.509 certificates
[    5.323744] Loaded X.509 cert 'Canonical Ltd. Secure Boot Signing: 61482aa2830d0ab2ad5af10b7250da9033ddcef0'
[    5.351822] Loaded X.509 cert 'Canonical Ltd. Secure Boot Signing (2017): 242ade75ac4a15e50d50c84b0d45ff3eae707a03'
[    5.379016] Loaded X.509 cert 'Canonical Ltd. Secure Boot Signing (ESM 2018): 365188c1d374d6b07c3c8f240f8ef722433d6a8b'
[    5.409992] Loaded X.509 cert 'Canonical Ltd. Secure Boot Signing (2019): c0746fd6c5da3ae827864651ad66ae47fe24b3e8'
[    5.438613] Loaded X.509 cert 'Canonical Ltd. Secure Boot Signing (2021 v1): a8d54bbb3825cfb94fa13c9f8a594a195c107b8d'
[    5.463405] Loaded X.509 cert 'Canonical Ltd. Secure Boot Signing (2021 v2): 4cf046892d6fd3c9a5b03f98d845f90851dc6a8c'
[    5.490622] Loaded X.509 cert 'Canonical Ltd. Secure Boot Signing (2021 v3): 100437bb6de6e469b581e61cd66bce3ef4ed53af'
[    5.517898] Loaded X.509 cert 'Canonical Ltd. Secure Boot Signing (Ubuntu Core 2019): c1d57b8f6b743f23ee41f4f7ee292f06eecadfb9'
[    5.544512] zswap: loaded using pool lzo/zbud
[    5.582071] Key type big_key registered
[    5.588446] Key type trusted registered
[    5.609486] Key type encrypted registered
[    5.623885] AppArmor: AppArmor sha1 policy hashing enabled
[    5.641754] ima: No TPM chip found, activating TPM-bypass! (rc=-19)
[    5.655995] ima: Allocated hash algorithm: sha1
[    5.664930] evm: HMAC attrs: 0x1
[    5.677499]   Magic number: 7:789:21
[    5.691035] rtc_cmos rtc_cmos: setting system clock to 2023-09-10 10:01:16 UTC (1694340076)
[    5.707559] BIOS EDD facility v0.16 2004-Jun-25, 0 devices found
[    5.720267] EDD information not available.
[    5.745158] Freeing unused kernel image memory: 2480K
[    5.769096] Write protecting the kernel read-only data: 20480k
[    5.785988] Freeing unused kernel image memory: 2008K
[    5.801064] Freeing unused kernel image memory: 1820K
[    5.829606] x86/mm: Checked W+X mappings: passed, no W+X pages found.
[    5.842098] x86/mm: Checking user space page tables
[    5.876267] x86/mm: Checked W+X mappings: passed, no W+X pages found.
Loading, please wait...
starting version 237
[    6.131232] e1000: Intel(R) PRO/1000 Network Driver - version 7.3.21-k8-NAPI
[    6.151555] e1000: Copyright (c) 1999-2006 Intel Corporation.
[    6.189268] Fusion MPT base driver 3.04.20
[    6.201971] Copyright (c) 1999-2008 LSI Corporation
[    6.360150] Fusion MPT SPI Host driver 3.04.20
[    6.493566] SSE version of gcm_enc/dec engaged.
[    6.603735] input: ImExPS/2 Generic Explorer Mouse as /devices/platform/i8042/serio1/input/input4
[    8.058940] e1000 0000:00:03.0 eth0: (PCI:33MHz:32-bit) 02:3b:7b:b7:3b:2d
[    8.075377] e1000 0000:00:03.0 eth0: Intel(R) PRO/1000 Network Connection
[    8.094755] mptbase: ioc0: Initiating bringup
[    8.270946] ioc0: LSI53C1030 A0: Capabilities={Initiator}
[    8.631377] scsi host2: ioc0: LSI53C1030 A0, FwRev=00000000h, Ports=1, MaxQ=256, IRQ=20
[    8.842208] scsi 2:0:0:0: Direct-Access     VBOX     HARDDISK         1.0  PQ: 0 ANSI: 5
[    9.044643] scsi target2:0:0: Beginning Domain Validation
[    9.123471] scsi target2:0:0: Domain Validation skipping write tests
[    9.143746] scsi target2:0:0: Ending Domain Validation
[    9.161852] scsi target2:0:0: asynchronous
[    9.185224] scsi 2:0:1:0: Direct-Access     VBOX     HARDDISK         1.0  PQ: 0 ANSI: 5
[    9.483593] scsi target2:0:1: Beginning Domain Validation
[    9.529477] scsi target2:0:1: Domain Validation skipping write tests
[    9.547237] scsi target2:0:1: Ending Domain Validation
[    9.574027] scsi target2:0:1: asynchronous
[    9.634645] sd 2:0:0:0: [sda] 83886080 512-byte logical blocks: (42.9 GB/40.0 GiB)
[    9.655563] sd 2:0:0:0: Attached scsi generic sg0 type 0
[    9.670363] sd 2:0:1:0: Attached scsi generic sg1 type 0
[    9.690705] sd 2:0:0:0: [sda] Write Protect is off
[    9.715353] sd 2:0:1:0: [sdb] 20480 512-byte logical blocks: (10.5 MB/10.0 MiB)
[    9.734230] sd 2:0:0:0: [sda] Incomplete mode parameter data
[    9.746503] sd 2:0:0:0: [sda] Assuming drive cache: write through
[    9.760616] sd 2:0:1:0: [sdb] Write Protect is off
[    9.781200] sd 2:0:1:0: [sdb] Incomplete mode parameter data
[    9.796695] sd 2:0:1:0: [sdb] Assuming drive cache: write through
[    9.815202]  sda: sda1
[    9.824552] sd 2:0:0:0: [sda] Attached SCSI disk
[    9.841173] sd 2:0:1:0: [sdb] Attached SCSI disk
[   10.506523] e1000 0000:00:08.0 eth1: (PCI:33MHz:32-bit) 08:00:27:57:84:1c
[   10.521054] e1000 0000:00:08.0 eth1: Intel(R) PRO/1000 Network Connection
[   10.541887] e1000 0000:00:08.0 enp0s8: renamed from eth1
[   10.587908] e1000 0000:00:03.0 enp0s3: renamed from eth0
Begin: Loading essential drivers ... [   18.198063] raid6: sse2x1   gen() 80240 MB/s
[   19.198325] raid6: sse2x1   xor() 84942 MB/s
[   20.201872] raid6: sse2x2   gen() 139746 MB/s
[   21.203748] raid6: sse2x2   xor() 93934 MB/s
[   22.208624] raid6: sse2x4   gen() 151147 MB/s
[   23.239623] raid6: sse2x4   xor()  4481 MB/s
[   23.253655] raid6: using algorithm sse2x4 gen() 151147 MB/s
[   23.270527] raid6: .... xor() 4481 MB/s, rmw enabled
[   23.288387] raid6: using ssse3x2 recovery algorithm
[   23.332081] xor: measuring software checksum speed
[   23.396541]    prefetch64-sse:  6801.000 MB/sec
[   23.453421]    generic_sse:  7414.000 MB/sec
[   23.469806] xor: using function: generic_sse (7414.000 MB/sec)
[   23.495100] async_tx: api initialized (async)
done.
Begin: Running /scripts/init-premount ... done.
Begin: Mounting root file system ... Begin: Running /scripts/local-top ... done.
Begin: Running /scripts/local-premount ... [   23.645646] Btrfs loaded, crc32c=crc32c-intel
Scanning for Btrfs filesystems
done.
Warning: fsck not present, so skipping root file system
[   23.891215] EXT4-fs (sda1): mounted filesystem with ordered data mode. Opts: (null)
done.
Begin: Running /scripts/local-bottom ... done.
Begin: Running /scripts/init-bottom ... done.
[   25.166630] ip_tables: (C) 2000-2006 Netfilter Core Team
[   25.260651] systemd[1]: systemd 237 running in system mode. (+PAM +AUDIT +SELINUX +IMA +APPARMOR +SMACK +SYSVINIT +UTMP +LIBCRYPTSETUP +GCRYPT +GNUTLS +ACL +XZ +LZ4 +SECCOMP +BLKID +ELFUTILS +KMOD -IDN2 +IDN -PCRE2 default-hierarchy=hybrid)
[   25.312890] systemd[1]: Detected virtualization oracle.
[   25.323273] systemd[1]: Detected architecture x86-64.

Welcome to [1mUbuntu 18.04.6 LTS[0m!

[   25.419934] systemd[1]: Set hostname to <ubuntu>.
[   25.444748] systemd[1]: Initializing machine ID from random generator.
[   25.462798] systemd[1]: Installed transient /etc/machine-id file.
[   26.478197] systemd[1]: Set up automount Arbitrary Executable File Formats File System Automount Point.
[[0;32m  OK  [0m] Set up automount Arbitrary Executabâ€¦rmats File System Automount Point.
[   26.518684] systemd[1]: Reached target Mounting snaps.
[[0;32m  OK  [0m] Reached target Mounting snaps.
[   26.546651] systemd[1]: Reached target Mounted snaps.
[[0;32m  OK  [0m] Reached target Mounted snaps.
[   26.573513] systemd[1]: Reached target System Time Synchronized.
[[0;32m  OK  [0m] Reached target System Time Synchronized.
[[0;32m  OK  [0m] Started Forward Password Requests to Wall Directory Watch.
[[0;32m  OK  [0m] Reached target User and Group Name Lookups.
[[0;32m  OK  [0m] Created slice System Slice.
[[0;32m  OK  [0m] Listening on Journal Socket.
         Mounting Huge Pages File System...
         Mounting POSIX Message Queue File System...
[[0;32m  OK  [0m] Listening on fsck to fsckd communication Socket.
[[0;32m  OK  [0m] Listening on Syslog Socket.
[[0;32m  OK  [0m] Listening on Device-mapper event daemon FIFOs.
         Starting File System Check on Root Device...
         Starting Uncomplicated firewall...
[[0;32m  OK  [0m] Listening on Journal Audit Socket.
[[0;32m  OK  [0m] Created slice system-serial\x2dgetty.slice.
         Mounting Kernel Debug File System...
[[0;32m  OK  [0m] Listening on udev Control Socket.
         Starting Create list of required stâ€¦ce nodes for the current kernel...
         Starting Load Kernel Modules...
[[0;32m  OK  [0m] Listening on LVM2 poll daemon socket.
[[0;32m  OK  [0m] Listening on /dev/initctl Compatibility Named Pipe.
[[0;32m  OK  [0m] Listening on Journal Socket (/dev/log).
         Starting Journal Service...
[[0;32m  OK  [0m] Listening on udev Kernel Socket.
         Starting udev Coldplug all Devices...
[[0;32m  OK  [0m] Reached target Swap.
[[0;32m  OK  [0m] Listening on LVM2 metadata daemon socket.
         Starting Monitoring of LVM2 mirrorsâ€¦ng dmeventd or progress polling...
         Starting Set the console keyboard layout...
[[0;32m  OK  [0m] Listening on Network Service Netlink Socket.
[[0;32m  OK  [0m] Created slice User and Session Slice.
[[0;32m  OK  [0m] Reached target Slices.
[[0;32m  OK  [0m] Mounted Huge Pages File System.
[[0;32m  OK  [0m] Mounted POSIX Message Queue File System.
[   27.040783] Loading iSCSI transport class v2.0-870.
[[0;32m  OK  [0m] Started File System Check on Root Device.
[[0;32m  OK  [0m] Started Uncomplicated firewall.
[[0;32m  OK  [0m] Mounted Kernel Debug File System.
[[0;32m  OK  [0m] Started Create list of required staâ€¦vice nodes for the current kernel.
[[0;32m  OK  [0m] Started File System Check Daemon to report status.
         Starting Create Static Device Nodes in /dev...
         Starting Remount Root and Kernel File Systems...
[[0;32m  OK  [0m] Started Journal Service.
[   27.312538] EXT4-fs (sda1): re-mounted. Opts: (null)
[[0;32m  OK  [0m] Started udev Coldplug all Devices.
[[0;32m  OK  [0m] Started Remount Root and Kernel File Systems.
[   27.362343] iscsi: registered transport (tcp)
         Starting Flush Journal to Persistent Storage...
         Starting Load/Save Random Seed...
[[0;32m  OK  [0m] Started Create Static Device Nodes in /dev.
[[0;32m  OK  [0m] Started LVM2 metadata daemon.
         Starting udev Kernel Device Manager...
[[0;32m  OK  [0m] Started Load/Save Random Seed.
[   27.573139] systemd-journald[419]: Received request to flush runtime journal from PID 1
[[0;32m  OK  [0m] Started Monitoring of LVM2 mirrors,â€¦sing dmeventd or progress polling.
[[0;32m  OK  [0m] Started udev Kernel Device Manager.
[[0;32m  OK  [0m] Started Flush Journal to Persistent Storage.
[   27.966455] iscsi: registered transport (iser)
[[0;32m  OK  [0m] Started Load Kernel Modules.
         Starting Apply Kernel Variables...
         Mounting FUSE Control File System...
         Mounting Kernel Configuration File System...
[[0;32m  OK  [0m] Mounted Kernel Configuration File System.
[[0;32m  OK  [0m] Mounted FUSE Control File System.
[[0;32m  OK  [0m] Started Apply Kernel Variables.
[[0;32m  OK  [0m] Found device /dev/ttyS0.
[[0;32m  OK  [0m] Listening on Load/Save RF Kill Switch Status /dev/rfkill Watch.
[[0;32m  OK  [0m] Started Set the console keyboard layout.
         Mounting Arbitrary Executable File Formats File System...
[[0;32m  OK  [0m] Reached target Local File Systems (Pre).
[[0;32m  OK  [0m] Reached target Local File Systems.
         Starting Commit a transient machine-id on disk...
         Starting ebtables ruleset management...
         Starting Create Volatile Files and Directories...
         Starting AppArmor initialization...
         Starting Set console font and keymap...
         Starting Tell Plymouth To Write Out Runtime Data...
[[0;32m  OK  [0m] Started Dispatch Password Requests to Console Directory Watch.
[[0;32m  OK  [0m] Reached target Local Encrypted Volumes.
[[0;32m  OK  [0m] Mounted Arbitrary Executable File Formats File System.
[[0;32m  OK  [0m] Started Tell Plymouth To Write Out Runtime Data.
[[0;32m  OK  [0m] Started Commit a transient machine-id on disk.
[[0;32m  OK  [0m] Started Create Volatile Files and Directories.
         Starting Update UTMP about System Boot/Shutdown...
[[0;32m  OK  [0m] Started Update UTMP about System Boot/Shutdown.
[[0;32m  OK  [0m] Started ebtables ruleset management.
[[0;32m  OK  [0m] Started AppArmor initialization.
         Starting Load AppArmor profiles managed internally by snapd...
         Starting Initial cloud-init job (pre-networking)...
[[0;32m  OK  [0m] Started Load AppArmor profiles managed internally by snapd.
[[0;32m  OK  [0m] Started Set console font and keymap.
[   40.044624] cloud-init[767]: Cloud-init v. 23.1.2-0ubuntu0~18.04.1 running 'init-local' at Sun, 10 Sep 2023 10:01:49 +0000. Up 38.87 seconds.
[[0;32m  OK  [0m] Started Initial cloud-init job (pre-networking).
[[0;32m  OK  [0m] Reached target Network (Pre).
         Starting Network Service...
[[0;32m  OK  [0m] Started Network Service.
         Starting Wait for Network to be Configured...
         Starting Network Name Resolution...
[[0;32m  OK  [0m] Started Network Name Resolution.
[[0;32m  OK  [0m] Reached target Network.
[[0;32m  OK  [0m] Reached target Host and Network Name Lookups.
[[0;32m  OK  [0m] Started Wait for Network to be Configured.
         Starting Initial cloud-init job (metadata service crawler)...
[   43.522752] cloud-init[915]: Cloud-init v. 23.1.2-0ubuntu0~18.04.1 running 'init' at Sun, 10 Sep 2023 10:01:53 +0000. Up 43.07 seconds.
[   43.541810] cloud-init[915]: ci-info: ++++++++++++++++++++++++++++++++++++++Net device info+++++++++++++++++++++++++++++++++++++++
[   43.555311] cloud-init[915]: ci-info: +--------+-------+----------------------------+---------------+--------+-------------------+
[   43.568093] cloud-init[915]: ci-info: | Device |   Up  |          Address           |      Mask     | Scope  |     Hw-Address    |
[   43.577013] cloud-init[915]: ci-info: +--------+-------+----------------------------+---------------+--------+-------------------+
[   43.584840] cloud-init[915]: ci-info: | enp0s3 |  True |         10.0.2.15          | 255.255.255.0 | global | 02:3b:7b:b7:3b:2d |
[   43.591581] cloud-init[915]: ci-info: | enp0s3 |  True | fe80::3b:7bff:feb7:3b2d/64 |       .       |  link  | 02:3b:7b:b7:3b:2d |
[   43.598737] cloud-init[915]: ci-info: | enp0s8 | False |             .              |       .       |   .    | 08:00:27:57:84:1c |
[   43.605293] cloud-init[915]: ci-info: |   lo   |  True |         127.0.0.1          |   255.0.0.0   |  host  |         .         |
[   43.610988] cloud-init[915]: ci-info: |   lo   |  True |          ::1/128           |       .       |  host  |         .         |
[   43.616771] cloud-init[915]: ci-info: +--------+-------+----------------------------+---------------+--------+-------------------+
[   43.622057] cloud-init[915]: ci-info: ++++++++++++++++++++++++++++Route IPv4 info+++++++++++++++++++++++++++++
[   43.627003] cloud-init[915]: ci-info: +-------+-------------+----------+-----------------+-----------+-------+
[   43.632537] cloud-init[915]: ci-info: | Route | Destination | Gateway  |     Genmask     | Interface | Flags |
[   43.637837] cloud-init[915]: ci-info: +-------+-------------+----------+-----------------+-----------+-------+
[   43.642851] cloud-init[915]: ci-info: |   0   |   0.0.0.0   | 10.0.2.2 |     0.0.0.0     |   enp0s3  |   UG  |
[   43.653637] cloud-init[915]: ci-info: |   1   |   10.0.2.0  | 0.0.0.0  |  255.255.255.0  |   enp0s3  |   U   |
[   43.665328] cloud-init[915]: ci-info: |   2   |   10.0.2.2  | 0.0.0.0  | 255.255.255.255 |   enp0s3  |   UH  |
[   43.676714] cloud-init[915]: ci-info: +-------+-------------+----------+-----------------+-----------+-------+
[   43.687261] cloud-init[915]: ci-info: +++++++++++++++++++Route IPv6 info+++++++++++++++++++
[   43.694929] cloud-init[915]: ci-info: +-------+-------------+---------+-----------+-------+
[   43.704731] cloud-init[915]: ci-info: | Route | Destination | Gateway | Interface | Flags |
[   43.713997] cloud-init[915]: ci-info: +-------+-------------+---------+-----------+-------+
[   43.734889] cloud-init[915]: ci-info: |   1   |  fe80::/64  |    ::   |   enp0s3  |   U   |
[   43.754204] cloud-init[915]: ci-info: |   3   |    local    |    ::   |   enp0s3  |   U   |
[   43.774386] cloud-init[915]: ci-info: |   4   |   ff00::/8  |    ::   |   enp0s3  |   U   |
[   43.794035] cloud-init[915]: ci-info: +-------+-------------+---------+-----------+-------+
[   46.921994] cloud-init[915]: Generating public/private rsa key pair.
[   46.929328] cloud-init[915]: Your identification has been saved in /etc/ssh/ssh_host_rsa_key.
[   46.937510] cloud-init[915]: Your public key has been saved in /etc/ssh/ssh_host_rsa_key.pub.
[   46.945114] cloud-init[915]: The key fingerprint is:
[   46.952912] cloud-init[915]: SHA256:yacCL6kN5Jr4zYKDq43yLzldDe9yOO6oIi6lD92LyBM root@ubuntu-bionic
[   46.962935] cloud-init[915]: The key's randomart image is:
[   46.969672] cloud-init[915]: +---[RSA 2048]----+
[   46.973648] cloud-init[915]: |                 |
[   46.977616] cloud-init[915]: |                 |
[   46.983542] cloud-init[915]: |                 |
[   46.987874] cloud-init[915]: |      .. .       |
[   46.992093] cloud-init[915]: |  . .  +S .      |
[   46.996994] cloud-init[915]: | E.. +. oo       |
[   47.002017] cloud-init[915]: |o+=o+.oo.        |
[   47.006390] cloud-init[915]: |%O=B.++.o        |
[   47.010846] cloud-init[915]: |#XX*Boo+         |
[   47.014815] cloud-init[915]: +----[SHA256]-----+
[   47.021583] cloud-init[915]: Generating public/private dsa key pair.
[   47.027955] cloud-init[915]: Your identification has been saved in /etc/ssh/ssh_host_dsa_key.
[   47.035280] cloud-init[915]: Your public key has been saved in /etc/ssh/ssh_host_dsa_key.pub.
[   47.042183] cloud-init[915]: The key fingerprint is:
[   47.045538] cloud-init[915]: SHA256:Ycm3s4BvC6IvamFS2PFmwPDram52beAI9HtIEdR6PNY root@ubuntu-bionic
[   47.053041] cloud-init[915]: The key's randomart image is:
[   47.057161] cloud-init[915]: +---[DSA 1024]----+
[   47.060699] cloud-init[915]: |.o...            |
[   47.063980] cloud-init[915]: | .+. . . .       |
[   47.070111] cloud-init[915]: | o.++ . = .      |
[   47.075010] cloud-init[915]: |..o++= E o .     |
[   47.080912] cloud-init[915]: |..oo+ o S o      |
[   47.087544] cloud-init[915]: |o+ +   . . o     |
[   47.093385] cloud-init[915]: |+ * * . o .      |
[   47.098201] cloud-init[915]: | B.* = o .       |
[   47.102248] cloud-init[915]: |Oooo+   .        |
[   47.107104] cloud-init[915]: +----[SHA256]-----+
[   47.110922] cloud-init[915]: Generating public/private ecdsa key pair.
[   47.116797] cloud-init[915]: Your identification has been saved in /etc/ssh/ssh_host_ecdsa_key.
[   47.124182] cloud-init[915]: Your public key has been saved in /etc/ssh/ssh_host_ecdsa_key.pub.
[   47.134068] cloud-init[915]: The key fingerprint is:
[   47.139537] cloud-init[915]: SHA256:CBZkIGEnGOnafVw/pjb8jY6+sbV1Hc9RX32V+Bo3LMQ root@ubuntu-bionic
[   47.149206] cloud-init[915]: The key's randomart image is:
[   47.154632] cloud-init[915]: +---[ECDSA 256]---+
[   47.158935] cloud-init[915]: |=*.++       . . o|
[   47.162186] cloud-init[915]: |+.o. .       E .o|
[   47.164922] cloud-init[915]: |.   o       . o =|
[   47.168609] cloud-init[915]: | . . . ..    o ==|
[   47.172866] cloud-init[915]: |.. . ...S.    =oo|
[   47.181275] cloud-init[915]: |. . . o   +  . o+|
[   47.195201] cloud-init[915]: |     . ..o... . +|
[   47.211627] cloud-init[915]: |        == = .   |
[   47.225724] cloud-init[915]: |       o=== .    |
[   47.236088] cloud-init[915]: +----[SHA256]-----+
[   47.246514] cloud-init[915]: Generating public/private ed25519 key pair.
[   47.263987] cloud-init[915]: Your identification has been saved in /etc/ssh/ssh_host_ed25519_key.
[   47.286419] [[0;32m  OK  [0m] Started Initial cloud-init job (metadata service crawler).
[[0;32m  OK  [0m] Reached target Cloud-config availability.
[[0;32m  OK  [0m] Reached target Network is Online.
[[0;32m  OK  [0m] Reached target Remote File Systems (Pre).
[[0;32m  OK  [0m] Reached target Remote File Systems.
         Starting Availability of block devices...
[[0;32m  OK  [0m] Reached target System Initialization.
[[0;32m  OK  [0m] Started Daily apt download activities.
[[0;32m  OK  [0m] Started Daily apt upgrade and clean activities.
[[0;32m  OK  [0m] Listening on Open-iSCSI iscsid Socket.
[[0;32m  OK  [0m] Started Discard unused blocks once a week.
[[0;32m  OK  [0m] Started Message of the Day.
[[0;32m  OK  [0m] Listening on ACPID Listen Socket.
[[0;32m  OK  [0m] Listening on D-Bus System Message Bus Socket.
         Starting LXD - unix socket.
[[0;32m  OK  [0m] Started Daily Cleanup of Temporary Directories.
[[0;32m  OK  [0m] Listening on cloud-init hotplug hook socket.
[[0;32m  OK  [0m] Listening on UUID daemon activation socket.
[[0;32m  OK  [0m] Started ACPI Events Check.
[[0;32m  OK  [0m] Reached target Paths.
[[0;32m  OK  [0m] Started Ubuntu Advantage Timer for running repeated jobs.
[[0;32m  OK  [0m] Reached target Timers.
         Starting Socket activation for snappy daemon.
[[0;32m  OK  [0m] Started Availability of block devices.
[[0;32m  OK  [0m] Listening on LXD - unix socket.
cloud-init[[0;32m  OK  [0m] Listening on Socket activation for snappy daemon.
[[0;32m  OK  [0m] Reached target Sockets.
[[0;32m  OK  [0m] Reached target Basic System.
         Starting LSB: Record successful boot for GRUB...
[[0;32m  OK  [0m] Started Regular background program processing daemon.
[[0;32m  OK  [0m] Started D-Bus System Message Bus.
[915]: Your public key has been saved in /etc/ssh/ssh_host_ed25519_key.pub.
[   47.403351] cloud-init[915]: The key fingerprint is:
[   47.412208] cloud-init[915]: SHA256:WjS/C9t0/07b3awZaot4yMw8Hc53NI+ob+Dbfj64Mww root@ubuntu-bionic
[   47.424725] cloud-init[915]: The key's randomart image is:
[   47.444336] cloud-init[915]: +--[ED25519 256]--+
[   47.453167] cloud-init[915]: |                 |
[   47.462018] cloud-init[915]: |                 |
[   47.470200] cloud-init[915]: |        o        |
[   47.478821] cloud-init[915]: |       . o       |
[   47.486631] cloud-init[915]: |        S .      |
         Starting System Logging Service...
         Starting Pollinate to seed the pseudo random number generator...
         Starting Permit User Sessions...
[   47.509668] cloud-init[915]:          Starting Login Service...
|       o  E.  o  |
[   47.541099] cloud-init[915]: |      .=.*o=.+.+.|
[   47.565927] cloud-init         Starting Snap Daemon...
[915]:          Starting Accounts Service...
|        B**=Xo==*|[[0;32m  OK  [0m] Reached target Login Prompts (Pre).
         Starting LSB: automatic crash report generation...

         Starting Virtualbox guest utils...
[   47.635878] cloud-init[915]: |        oo*OBO=*B|
[   47.648862] cloud-init[915]: +----[SHA256]-----+
[[0;32m  OK  [0m] Started irqbalance daemon.
         Starting LXD - container startup/shutdown...
         Starting Dispatcher daemon for systemd-networkd...
[[0;32m  OK  [0m] Started Deferred execution scheduler.
[[0;32m  OK  [0m] Started FUSE filesystem for LXC.
[[0;32m  OK  [0m] Started System Logging Service.
[[0;32m  OK  [0m] Started Permit User Sessions.
[[0;32m  OK  [0m] Started Login Service.
         Starting Authorization Manager...
[[0;32m  OK  [0m] Started Unattended Upgrades Shutdown.
         Starting Hold until boot process finishes up...
         Starting Terminate Plymouth Boot Screen...
[[0;32m  OK  [0m] Started LSB: automatic crash report generation.
[[0;32m  OK  [0m] Started Hold until boot process finishes up.
[[0;32m  OK  [0m] Started Terminate Plymouth Boot Screen.
[[0;32m  OK  [0m] Started Serial Getty on ttyS0.
         Starting Set console scheme...
[[0;32m  OK  [0m] Started LSB: Record successful boot for GRUB.
[[0;32m  OK  [0m] Started Authorization Manager.
[[0;32m  OK  [0m] Started Accounts Service.
[[0;32m  OK  [0m] Started Set console scheme.
[[0;32m  OK  [0m] Created slice system-getty.slice.
[[0;32m  OK  [0m] Started Getty on tty1.
[[0;32m  OK  [0m] Reached target Login Prompts.
[[0;32m  OK  [0m] Started Virtualbox guest utils.
[[0;32m  OK  [0m] Started LXD - container startup/shutdown.
[[0;32m  OK  [0m] Started Dispatcher daemon for systemd-networkd.
[[0;32m  OK  [0m] Started Snap Daemon.
         Starting Wait until snapd is fully seeded...
[[0;32m  OK  [0m] Started Pollinate to seed the pseudo random number generator.
         Starting OpenBSD Secure Shell server...
[[0;32m  OK  [0m] Started OpenBSD Secure Shell server.
[[0;32m  OK  [0m] Created slice User Slice of vagrant.
         Starting User Manager for UID 1000...
[[0;32m  OK  [0m] Started Session 1 of user vagrant.
[[0;32m  OK  [0m] Started User Manager for UID 1000.
         Starting Time & Date Service...
[[0;32m  OK  [0m] Started Time & Date Service.

Ubuntu 18.04.6 LTS ubuntu-bionic ttyS0

ubuntu-bionic login: [   68.440509] cloud-init[1467]: Cloud-init v. 23.1.2-0ubuntu0~18.04.1 running 'modules:config' at Sun, 10 Sep 2023 10:02:10 +0000. Up 59.76 seconds.
ci-info: no authorized SSH keys fingerprints found for user ubuntu.
<14>Sep 10 10:02:21 cloud-init: #############################################################
<14>Sep 10 10:02:21 cloud-init: -----BEGIN SSH HOST KEY FINGERPRINTS-----
<14>Sep 10 10:02:21 cloud-init: 1024 SHA256:Ycm3s4BvC6IvamFS2PFmwPDram52beAI9HtIEdR6PNY root@ubuntu-bionic (DSA)
<14>Sep 10 10:02:21 cloud-init: 256 SHA256:CBZkIGEnGOnafVw/pjb8jY6+sbV1Hc9RX32V+Bo3LMQ root@ubuntu-bionic (ECDSA)
<14>Sep 10 10:02:21 cloud-init: 256 SHA256:WjS/C9t0/07b3awZaot4yMw8Hc53NI+ob+Dbfj64Mww root@ubuntu-bionic (ED25519)
<14>Sep 10 10:02:21 cloud-init: 2048 SHA256:yacCL6kN5Jr4zYKDq43yLzldDe9yOO6oIi6lD92LyBM root@ubuntu-bionic (RSA)
<14>Sep 10 10:02:21 cloud-init: -----END SSH HOST KEY FINGERPRINTS-----
<14>Sep 10 10:02:21 cloud-init: #############################################################
-----BEGIN SSH HOST KEY KEYS-----
ecdsa-sha2-nistp256 AAAAE2VjZHNhLXNoYTItbmlzdHAyNTYAAAAIbmlzdHAyNTYAAABBBJmWTGr5U1psKgIMWjXPWNaVTKWAfv/v72JBrvl1UVv4ZdpzTWYztVA4E8lBlYFpqPWwpo1208AvGpI6IVKCatA= root@ubuntu-bionic
ssh-ed25519 AAAAC3NzaC1lZDI1NTE5AAAAIJ6mV3v1U/cnHEi1x5pJqXNi1utF/p/Wakm1JI9Oz4tJ root@ubuntu-bionic
ssh-rsa AAAAB3NzaC1yc2EAAAADAQABAAABAQDwSJODIzOfIYrQPl+iGJORINDN8QLB1HlsTyyQD2CWJjy6HSH4iscvpLdxa9fRh0iFC/GvJUkj5Gx0gcxdrssgxzBKyysaad4e8fdg7uCHOn0X1DFAD9YGANwFDjZRT9kMZUS5PJeSAnrkCIKAuC5whQaJ4KlwZet1dgpz1mEdVgJQOvd1Exk1uOAJSlO0gbE3PJlYOtPAur0j1LRo3A9gmJOdLWAEAM7eWPDWodrGbN8z4Flrw0+pUzRLoammf9GFpqfN6968GDslhvklFOyDOTk7k0DCq7at2Mi2qQ6unEETZRG0LU3Hd9G58TNsO+Pz3auGApCwajEcbt7KsnNr root@ubuntu-bionic
-----END SSH HOST KEY KEYS-----
[   70.484049] cloud-init[1755]: Cloud-init v. 23.1.2-0ubuntu0~18.04.1 running 'modules:final' at Sun, 10 Sep 2023 10:02:20 +0000. Up 69.82 seconds.
[   70.484937] cloud-init[1755]: Cloud-init v. 23.1.2-0ubuntu0~18.04.1 finished at Sun, 10 Sep 2023 10:02:21 +0000. Datasource DataSourceNoCloud [seed=/dev/sdb][dsmode=net].  Up 70.37 seconds
